// Jest Snapshot v1, https://goo.gl/fbAQLP

exports[`PostgresGeoDB should give correct response for example queries: test.query.graphql-query-result 1`] = `
Object {
  "data": Object {
    "allCities": Object {
      "nodes": Array [
        Object {
          "countrycode": "AFG",
          "developers": Array [
            Object {
              "avatarUrl": "https://avatars.githubusercontent.com/u/17293422?u=1ada7e918d4940c49ed02f6e92b6c9f7bb59cc57&v=4",
              "id": "MDQ6VXNlcjE3MjkzNDIy",
              "login": "afgprogrammer",
              "name": "Mohammad Rahmani",
            },
            Object {
              "avatarUrl": "https://avatars.githubusercontent.com/u/11972108?u=f2e4cf7dba8c10e37f8f73c803a05fe01284c2a9&v=4",
              "id": "MDQ6VXNlcjExOTcyMTA4",
              "login": "swaseeb",
              "name": "Shakirullah Waseeb",
            },
            Object {
              "avatarUrl": "https://avatars.githubusercontent.com/u/31079629?u=1f4da8786c6176861d735bb738cc12c4aa384733&v=4",
              "id": "MDQ6VXNlcjMxMDc5NjI5",
              "login": "ravener",
              "name": "Raven Ravener",
            },
            Object {
              "avatarUrl": "https://avatars.githubusercontent.com/u/32482095?u=e0ab7b4bbf3ada940b4b93cd5898458c013d85c2&v=4",
              "id": "MDQ6VXNlcjMyNDgyMDk1",
              "login": "mohbadar",
              "name": "Mohammad Badar Hashimi",
            },
            Object {
              "avatarUrl": "https://avatars.githubusercontent.com/u/4721735?u=2d6d1abeb0d69f9c74f9f1c4d9564dc4873d6d96&v=4",
              "id": "MDQ6VXNlcjQ3MjE3MzU=",
              "login": "mustafaaloko",
              "name": "Mustafa Ehsan Alokozay",
            },
            Object {
              "avatarUrl": "https://avatars.githubusercontent.com/u/41961773?u=82ddc2cd5dc4fa2cb264e4c7422571ec5ccfdeba&v=4",
              "id": "MDQ6VXNlcjQxOTYxNzcz",
              "login": "Amanullahgit",
              "name": "Amanullah",
            },
            Object {
              "avatarUrl": "https://avatars.githubusercontent.com/u/11470953?u=b97b7ab33e2ff02da1bb5110b91a6755994200f0&v=4",
              "id": "MDQ6VXNlcjExNDcwOTUz",
              "login": "RafiBahez",
              "name": "Mohammad Rafi Bahez",
            },
            Object {
              "avatarUrl": "https://avatars.githubusercontent.com/u/35235759?u=e4e9ec1ad568e77eaab9598d7057f22e4a67d1a6&v=4",
              "id": "MDQ6VXNlcjM1MjM1NzU5",
              "login": "sajadevo",
              "name": "Sajad Ahmad Nawabi",
            },
            Object {
              "avatarUrl": "https://avatars.githubusercontent.com/u/25810841?u=8a15626e727be5db567741f68c75b59c410558e9&v=4",
              "id": "MDQ6VXNlcjI1ODEwODQx",
              "login": "podcoder",
              "name": "Seddiq Sorush",
            },
            Object {
              "avatarUrl": "https://avatars.githubusercontent.com/u/34987353?u=2ac44073d4e79348c332e68700fc30323f4cad4c&v=4",
              "id": "MDQ6VXNlcjM0OTg3MzUz",
              "login": "habibmhamadi",
              "name": "Habib Mhamadi",
            },
          ],
          "district": "Kabol",
          "name": "Kabul",
        },
      ],
    },
  },
}
`;
